Microchip MPLAB XC8 Compiler V2.32

Linker command line:

-W-3 --edf=/opt/microchip/xc8/v2.32/pic/dat/en_msgs.txt -cn \
  -h+dist/default/production/auto2_picgenios.X.production.sym \
  --cmf=dist/default/production/auto2_picgenios.X.production.cmf -z \
  -Q16F877A -o/tmp/xcXplLiHo --defsym=__MPLAB_BUILD=1 \
  -Mdist/default/production/auto2_picgenios.X.production.map -E1 \
  -ver=XC8 Compiler --acfsm=1493 -ASTACK=0110h-016Fh -pstack=STACK \
  -ACODE=00h-07FFhx4 -ASTRCODE=00h-01FFFh -ASTRING=00h-0FFhx32 \
  -ACONST=00h-0FFhx32 -AENTRY=00h-0FFhx32 -ACOMMON=070h-07Fh \
  -ABANK0=020h-06Fh -ABANK1=0A0h-0EFh -ABANK2=0110h-016Fh \
  -ABANK3=0190h-01EFh -ARAM=020h-06Fh,0A0h-0EFh,0110h-016Fh,0190h-01EFh \
  -AABS1=020h-07Fh,0A0h-0EFh,0110h-016Fh,0190h-01EFh -ASFR0=00h-01Fh \
  -ASFR1=080h-09Fh -ASFR2=0100h-010Fh -ASFR3=0180h-018Fh \
  -ACONFIG=02007h-02007h -DCONFIG=2 -AIDLOC=02000h-02003h -DIDLOC=2 \
  -AEEDATA=00h-0FFh/02100h -peeprom_data=EEDATA -DEEDATA=2 -DCODE=2 \
  -DSTRCODE=2 -DSTRING=2 -DCONST=2 -DENTRY=2 \
  -preset_vec=00h,intentry=04h,init,end_init -ppowerup=CODE -pcinit=CODE \
  -pfunctab=ENTRY -k /tmp/xcXLAKbgN.o \
  dist/default/production/auto2_picgenios.X.production.o 

Object code version is 3.11

Machine type is 16F877A



                Name                               Link     Load   Length Selector   Space Scale
/tmp/xcXLAKbgN.o
                end_init                              E        E        3        8       0
                reset_vec                             0        0        3        0       0
                config                             2007     2007        1        0       4
dist/default/production/auto2_picgenios.X.production.o
                cinit                                11       11       15        8       0
                intentry                              4        4        A        8       0
                config                             2007     2007        1        0       4
                text12                              391      391       56        8       0
                text11                              3E7      3E7       4F        8       0
                text10                              5B3      5B3        6      9F0       0
                text9                               573      573       26      9F0       0
                text8                               33B      33B       56        8       0
                text7                               54D      54D       26      9F0       0
                text6                               47C      47C       45        8       0
                text5                               436      436       46        8       0
                text4                               526      526       27      9F0       0
                text3                               599      599       12      9F0       0
                text2                                26       26      18F        8       0
                text1                               4F8      4F8       2E      9F0       0
                maintext                            1B5      1B5      186        8       0
                cstackBANK0                          20       20       2F       20       1
                cstackCOMMON                         70       70        7       70       1
                clrtext                             5AB      5AB        8      9F0       0
                bssBANK0                             4F       4F       15       20       1
                dataCOMMON                           79       79        1       70       1
                bssCOMMON                            77       77        2       70       1
                strings                             4C1      4C1       37      982       0
                idataCOMMON                         5B9      5B9        1      9F0       0

TOTAL           Name                               Link     Load   Length     Space
        CLASS   STACK          

        CLASS   CODE           
                end_init                              E        E        3         0
                cinit                                11       11       15         0
                intentry                              4        4        A         0
                reset_vec                             0        0        3         0
                text12                              391      391       56         0
                text11                              3E7      3E7       4F         0
                text10                              5B3      5B3        6         0
                text9                               573      573       26         0
                text8                               33B      33B       56         0
                text7                               54D      54D       26         0
                text6                               47C      47C       45         0
                text5                               436      436       46         0
                text4                               526      526       27         0
                text3                               599      599       12         0
                text2                                26       26      18F         0
                text1                               4F8      4F8       2E         0
                maintext                            1B5      1B5      186         0
                clrtext                             5AB      5AB        8         0
                idataCOMMON                         5B9      5B9        1         0

        CLASS   STRCODE        

        CLASS   STRING         
                strings                             4C1      4C1       37         0

        CLASS   CONST          

        CLASS   ENTRY          

        CLASS   COMMON         
                cstackCOMMON                         70       70        7         1
                dataCOMMON                           79       79        1         1
                bssCOMMON                            77       77        2         1

        CLASS   BANK0          
                cstackBANK0                          20       20       2F         1
                bssBANK0                             4F       4F       15         1

        CLASS   BANK1          

        CLASS   BANK2          

        CLASS   BANK3          

        CLASS   RAM            

        CLASS   ABS1           
                abs_s1                               7E       7E        2         1

        CLASS   SFR0           

        CLASS   SFR1           

        CLASS   SFR2           

        CLASS   SFR3           

        CLASS   CONFIG         
                config                             2007     2007        1         4

        CLASS   IDLOC          

        CLASS   EEDATA         



SEGMENTS        Name                           Load    Length   Top    Selector   Space  Class     Delta

                strings                        0004C1  000037  0004F8       982       0  STRING      2
                cstackBANK0                    000020  000044  000064        20       1  BANK0       1
                reset_vec                      000000  000003  000003         0       0  CODE        2
                text1                          0004F8  0000C2  0005BA       9F0       0  CODE        2
                cstackCOMMON                   000070  00000A  00007A        70       1  COMMON      1
                intentry                       000004  0004BD  0004C1         8       0  CODE        2


UNUSED ADDRESS RANGES

        Name                Unused          Largest block    Delta
        BANK0            0064-006F              C           1
        BANK1            00A0-00EF             50           1
        BANK2            0110-016F             60           1
        BANK3            0190-01EF             60           1
        CODE             0003-0003              1           2
                         05BA-1FFF            800
        COMMON           007A-007D              4           1
        CONST            0003-0003              1           2
                         05BA-1FFF            100
        EEDATA           2100-21FF            100           2
        ENTRY            0003-0003              1           2
                         05BA-1FFF            100
        IDLOC            2000-2003              4           2
        RAM              0064-006F              C           1
                         00A0-00EF             50
                         0110-016F             60
                         0190-01EF             60
        SFR0             0000-001F             20           1
        SFR1             0080-009F             20           1
        SFR2             0100-010F             10           1
        SFR3             0180-018F             10           1
        STACK            0110-016F             60           1
        STRCODE          0003-0003              1           2
                         05BA-1FFF           1A46
        STRING           0003-0003              1           2
                         05BA-1FFF            100

                                  Symbol Table

?___lwdiv                cstackBANK0  0020
?___wmul                 cstackBANK0  0020
?_f_crc                  cstackCOMMON 0074
?_sprintf                cstackBANK0  0027
_ADCON0bits              (abs)        001F
_ADCON1                  (abs)        009F
_ADON                    (abs)        00F8
_ADRESH                  (abs)        001E
_ADRESL                  (abs)        009E
_BRGH                    (abs)        04C2
_CCP1CONbits             (abs)        0017
_CREN                    (abs)        00C4
_FERR                    (abs)        00C2
_GIE                     (abs)        005F
_OERR                    (abs)        00C1
_PEIE                    (abs)        005E
_PORTD                   (abs)        0008
_RC0                     (abs)        0038
_RC1                     (abs)        0039
_RC2                     (abs)        003A
_RCIE                    (abs)        0465
_RCIF                    (abs)        0065
_RCREG                   (abs)        001A
_RE1                     (abs)        0049
_RE2                     (abs)        004A
_RX9                     (abs)        00C6
_SPBRG                   (abs)        0099
_SPEN                    (abs)        00C7
_SYNC                    (abs)        04C4
_TMR1                    (abs)        000E
_TMR1IE                  (abs)        0460
_TMR1IF                  (abs)        0060
_TMR1ON                  (abs)        0080
_TRISA                   (abs)        0085
_TRISB                   (abs)        0086
_TRISC                   (abs)        0087
_TRISD                   (abs)        0088
_TRISE                   (abs)        0089
_TRMT                    (abs)        04C1
_TXEN                    (abs)        04C5
_TXIE                    (abs)        0464
_TXREG                   (abs)        0019
_TXSTAbits               (abs)        0098
__Habs1                  abs1         0000
__Hbank0                 bank0        0000
__Hbank1                 bank1        0000
__Hbank2                 bank2        0000
__Hbank3                 bank3        0000
__HbssBANK0              bssBANK0     0000
__HbssCOMMON             bssCOMMON    0000
__Hcinit                 cinit        0026
__Hclrtext               clrtext      0000
__Hcode                  code         0000
__Hcommon                common       0000
__Hconfig                config       2008
__HcstackBANK0           cstackBANK0  0000
__HcstackCOMMON          cstackCOMMON 0000
__HdataCOMMON            dataCOMMON   0000
__Heeprom_data           eeprom_data  0000
__Hend_init              end_init     0011
__Hfunctab               functab      0000
__HidataCOMMON           idataCOMMON  0000
__Hinit                  init         000E
__Hintentry              intentry     000E
__Hmaintext              maintext     0000
__Hpowerup               powerup      0000
__Hram                   ram          0000
__Hreset_vec             reset_vec    0003
__Hsfr0                  sfr0         0000
__Hsfr1                  sfr1         0000
__Hsfr2                  sfr2         0000
__Hsfr3                  sfr3         0000
__Hspace_0               (abs)        05BA
__Hspace_1               (abs)        007A
__Hspace_2               (abs)        0000
__Hspace_3               (abs)        0000
__Hspace_4               (abs)        400F
__Hstack                 stack        0000
__Hstrings               strings      0000
__Htext                  text         0000
__Labs1                  abs1         0000
__Lbank0                 bank0        0000
__Lbank1                 bank1        0000
__Lbank2                 bank2        0000
__Lbank3                 bank3        0000
__LbssBANK0              bssBANK0     0000
__LbssCOMMON             bssCOMMON    0000
__Lcinit                 cinit        0011
__Lclrtext               clrtext      0000
__Lcode                  code         0000
__Lcommon                common       0000
__Lconfig                config       0000
__LcstackBANK0           cstackBANK0  0000
__LcstackCOMMON          cstackCOMMON 0000
__LdataCOMMON            dataCOMMON   0000
__Leeprom_data           eeprom_data  0000
__Lend_init              end_init     000E
__Lfunctab               functab      0000
__LidataCOMMON           idataCOMMON  0000
__Linit                  init         000E
__Lintentry              intentry     0004
__Lmaintext              maintext     0000
__Lpowerup               powerup      0000
__Lram                   ram          0000
__Lreset_vec             reset_vec    0000
__Lsfr0                  sfr0         0000
__Lsfr1                  sfr1         0000
__Lsfr2                  sfr2         0000
__Lsfr3                  sfr3         0000
__Lspace_0               (abs)        0000
__Lspace_1               (abs)        0000
__Lspace_2               (abs)        0000
__Lspace_3               (abs)        0000
__Lspace_4               (abs)        0000
__Lstack                 stack        0000
__Lstrings               strings      0000
__Ltext                  text         0000
__S0                     (abs)        05BA
__S1                     (abs)        007A
__S2                     (abs)        0000
__S3                     (abs)        0000
___int_sp                stack        0000
___latbits               (abs)        0002
___lwdiv                 text5        0436
___lwdiv@counter         cstackBANK0  0024
___lwdiv@dividend        cstackBANK0  0022
___lwdiv@divisor         cstackBANK0  0020
___lwdiv@quotient        cstackBANK0  0025
___sp                    stack        0000
___stackhi               (abs)        0000
___stacklo               (abs)        0000
___wmul                  text4        0526
___wmul@multiplicand     cstackBANK0  0022
___wmul@multiplier       cstackBANK0  0020
___wmul@product          cstackCOMMON 0074
__end_of___lwdiv         text5        047C
__end_of___wmul          text4        054D
__end_of__initialization cinit        0022
__end_of__stringtab      strings      04D1
__end_of_f_crc           text11       0436
__end_of_hexpowers       strings      04D9
__end_of_isdigit         text3        05AB
__end_of_isr             text12       03E7
__end_of_lcd_cmd         text9        0599
__end_of_lcd_dat         text7        0573
__end_of_lcd_init        text8        0391
__end_of_lcd_str         text6        04C1
__end_of_lcd_wr          text10       05B9
__end_of_main            maintext     033B
__end_of_sprintf         text2        01B5
__end_of_sub_tx          text1        0526
__initialization         cinit        0011
__pbssBANK0              bssBANK0     004F
__pbssCOMMON             bssCOMMON    0077
__pcstackBANK0           cstackBANK0  0020
__pcstackCOMMON          cstackCOMMON 0070
__pdataCOMMON            dataCOMMON   0079
__pidataCOMMON           idataCOMMON  05B9
__pintentry              intentry     0004
__pmaintext              maintext     01B5
__pstrings               strings      04C1
__ptext1                 text1        04F8
__ptext10                text10       05B3
__ptext11                text11       03E7
__ptext12                text12       0391
__ptext2                 text2        0026
__ptext3                 text3        0599
__ptext4                 text4        0526
__ptext5                 text5        0436
__ptext6                 text6        047C
__ptext7                 text7        054D
__ptext8                 text8        033B
__ptext9                 text9        0573
__size_of___lwdiv        (abs)        0000
__size_of___wmul         (abs)        0000
__size_of_f_crc          (abs)        0000
__size_of_isdigit        (abs)        0000
__size_of_isr            (abs)        0000
__size_of_lcd_cmd        (abs)        0000
__size_of_lcd_dat        (abs)        0000
__size_of_lcd_init       (abs)        0000
__size_of_lcd_str        (abs)        0000
__size_of_lcd_wr         (abs)        0000
__size_of_main           (abs)        0000
__size_of_sprintf        (abs)        0000
__size_of_sub_tx         (abs)        0000
__stringbase             strings      04D0
__stringtab              strings      04C1
_f_crc                   text11       03E7
_gc_c                    bssBANK0     004F
_gc_rx                   bssBANK0     0050
_gi_pisca                dataCOMMON   0079
_hexpowers               strings      04D1
_isdigit                 text3        0599
_isdigit$730             cstackCOMMON 0074
_isr                     text12       0391
_lcd_cmd                 text9        0573
_lcd_dat                 text7        054D
_lcd_init                text8        033B
_lcd_str                 text6        047C
_lcd_wr                  text10       05B3
_main                    maintext     01B5
_sprintf                 text2        0026
_sub_tx                  text1        04F8
btemp                    (abs)        007E
clear_ram0               clrtext      05AB
end_of_initialization    cinit        0022
f_crc@c_buffer           cstackCOMMON 0074
f_crc@c_i                cstackBANK0  0023
f_crc@c_j                cstackBANK0  0024
f_crc@c_max              cstackBANK0  0022
f_crc@i_CRC              cstackBANK0  0025
interrupt_function       intentry     0004
intlevel0                functab      0000
intlevel1                functab      0000
intlevel2                functab      0000
intlevel3                functab      0000
intlevel4                functab      0000
intlevel5                functab      0000
isdigit@c                cstackCOMMON 0075
lcd_cmd@val              cstackBANK0  0020
lcd_dat@val              cstackBANK0  0020
lcd_str@i                cstackBANK0  0024
lcd_str@str              cstackBANK0  0021
lcd_wr@val               cstackCOMMON 0074
main@c_i                 cstackBANK0  004E
main@c_texto             cstackBANK0  003A
main@i_crc               cstackBANK0  004A
main@i_crc2              cstackBANK0  004C
reset_vec                reset_vec    0000
saved_w                  (abs)        007E
sprintf@ap               cstackBANK0  002E
sprintf@c                cstackBANK0  0036
sprintf@f                cstackBANK0  0027
sprintf@flag             cstackBANK0  002F
sprintf@idx              cstackBANK0  002D
sprintf@prec             cstackBANK0  0032
sprintf@sp               cstackBANK0  0033
sprintf@val              cstackBANK0  0030
sprintf@width            cstackBANK0  0034
start                    init         000E
start_initialization     cinit        0011
sub_tx@c_buffer          cstackCOMMON 0074
sub_tx@c_i               cstackBANK0  0021
sub_tx@c_max             cstackBANK0  0020
wtemp0                   (abs)        007E


MODULE INFORMATION

Module		Function		Class		Link	Load	Size
/opt/microchip/xc8/v2.32/pic/sources/c90/common/lwdiv.c
		___lwdiv       		CODE           	0436	0000	70

/opt/microchip/xc8/v2.32/pic/sources/c90/common/lwdiv.c estimated size: 70

/opt/microchip/xc8/v2.32/pic/sources/c90/common/doprnt.c
		_sprintf       		CODE           	0026	0000	399

/opt/microchip/xc8/v2.32/pic/sources/c90/common/doprnt.c estimated size: 399

./lcd.c
		_lcd_cmd       		CODE           	0573	0000	38
		_lcd_dat       		CODE           	054D	0000	38
		_lcd_wr        		CODE           	05B3	0000	6
		_lcd_str       		CODE           	047C	0000	69
		_lcd_init      		CODE           	033B	0000	86

./lcd.c estimated size: 237

/opt/microchip/xc8/v2.32/pic/sources/c90/common/isdigit.c
		_isdigit       		CODE           	0599	0000	18

/opt/microchip/xc8/v2.32/pic/sources/c90/common/isdigit.c estimated size: 18

/opt/microchip/xc8/v2.32/pic/sources/c90/common/Umul16.c
		___wmul        		CODE           	0526	0000	39

/opt/microchip/xc8/v2.32/pic/sources/c90/common/Umul16.c estimated size: 39

shared
		__stringtab    		STRING         	04C1	0000	16
		__initialization		CODE           	0011	0000	17
		_hexpowers     		STRING         	04D1	0000	8

shared estimated size: 41

automacao_2_2023_1_picgenios.c
		_f_crc         		CODE           	03E7	0000	79
		_main          		CODE           	01B5	0000	390
		_sub_tx        		CODE           	04F8	0000	46
		_isr           		CODE           	0391	0000	86

automacao_2_2023_1_picgenios.c estimated size: 601

